
Turma:   5 - Turma 1                       

Cód Curso                          Data Início Data Fim   Sala       Sit Turma            Cód Sala Cód Situação
--- ------------------------------ ----------- ---------- ---------- -------------------- -------- ------------
  2 Hacking Ético                  01/01/2022  01/01/2023 Sala 1     Em andamento                1            2

Turma:   6 - Teste de uso                  
  2 Hacking Ético                  01/10/2022  01/10/2023 Sala 2     Aberto                      2            1

Turma:   7 - Batata com Arroz - alteradooo 
  3 Desenvolvimento Web            01/10/2022  01/10/2023 Sala 1     Em andamento                1            2

Turma:   8 - Turma 3 - Progress            
  1 Progress                       25/05/2022  27/09/2022 Sala 1     Aberto                      1            1

Turma:   9 - Teste 4 - Turma Web           
  3 Desenvolvimento Web            21/06/2022  28/09/2022 Sala 2     Aberto                      2            1
